// Jest Snapshot v1, https://goo.gl/fbAQLP

exports[`default setup 1`] = `
"{}
"
`;
